// Jest Snapshot v1, https://goo.gl/fbAQLP

exports[`Card matches the snapshot 1`] = `
ShallowWrapper {
  "length": 1,
  Symbol(enzyme.__root__): [Circular],
  Symbol(enzyme.__unrendered__): <Card
    data={
        Object {
            "info": Array [
              "Climate",
              "Name",
              "Population",
              "Residents",
              "Terrain",
            ],
          }
    }
    selectCard={[Function]}
/>,
  Symbol(enzyme.__renderer__): Object {
    "batchedUpdates": [Function],
    "getNode": [Function],
    "render": [Function],
    "simulateEvent": [Function],
    "unmount": [Function],
  },
  Symbol(enzyme.__node__): Object {
    "instance": null,
    "key": undefined,
    "nodeType": "class",
    "props": Object {
      "children": <div
        className="card"
        onClick={[Function]}
>
        <h6>
                0
                :  
                <span>
                        Climate
                </span>
        </h6>
        <h6>
                1
                :  
                <span>
                        Name
                </span>
        </h6>
        <h6>
                2
                :  
                <span>
                        Population
                </span>
        </h6>
        <h6>
                3
                :  
                <span>
                        Residents
                </span>
        </h6>
        <h6>
                4
                :  
                <span>
                        Terrain
                </span>
        </h6>
</div>,
    },
    "ref": null,
    "rendered": Object {
      "instance": null,
      "key": undefined,
      "nodeType": "host",
      "props": Object {
        "children": Array [
          <h6>
            0
            :  
            <span>
                        Climate
            </span>
</h6>,
          <h6>
            1
            :  
            <span>
                        Name
            </span>
</h6>,
          <h6>
            2
            :  
            <span>
                        Population
            </span>
</h6>,
          <h6>
            3
            :  
            <span>
                        Residents
            </span>
</h6>,
          <h6>
            4
            :  
            <span>
                        Terrain
            </span>
</h6>,
        ],
        "className": "card",
        "onClick": [Function],
      },
      "ref": null,
      "rendered": Array [
        Object {
          "instance": null,
          "key": "0",
          "nodeType": "host",
          "props": Object {
            "children": Array [
              "0",
              ":  ",
              <span>
                Climate
</span>,
            ],
          },
          "ref": null,
          "rendered": Array [
            "0",
            ":  ",
            Object {
              "instance": null,
              "key": undefined,
              "nodeType": "host",
              "props": Object {
                "children": "Climate",
              },
              "ref": null,
              "rendered": "Climate",
              "type": "span",
            },
          ],
          "type": "h6",
        },
        Object {
          "instance": null,
          "key": "1",
          "nodeType": "host",
          "props": Object {
            "children": Array [
              "1",
              ":  ",
              <span>
                Name
</span>,
            ],
          },
          "ref": null,
          "rendered": Array [
            "1",
            ":  ",
            Object {
              "instance": null,
              "key": undefined,
              "nodeType": "host",
              "props": Object {
                "children": "Name",
              },
              "ref": null,
              "rendered": "Name",
              "type": "span",
            },
          ],
          "type": "h6",
        },
        Object {
          "instance": null,
          "key": "2",
          "nodeType": "host",
          "props": Object {
            "children": Array [
              "2",
              ":  ",
              <span>
                Population
</span>,
            ],
          },
          "ref": null,
          "rendered": Array [
            "2",
            ":  ",
            Object {
              "instance": null,
              "key": undefined,
              "nodeType": "host",
              "props": Object {
                "children": "Population",
              },
              "ref": null,
              "rendered": "Population",
              "type": "span",
            },
          ],
          "type": "h6",
        },
        Object {
          "instance": null,
          "key": "3",
          "nodeType": "host",
          "props": Object {
            "children": Array [
              "3",
              ":  ",
              <span>
                Residents
</span>,
            ],
          },
          "ref": null,
          "rendered": Array [
            "3",
            ":  ",
            Object {
              "instance": null,
              "key": undefined,
              "nodeType": "host",
              "props": Object {
                "children": "Residents",
              },
              "ref": null,
              "rendered": "Residents",
              "type": "span",
            },
          ],
          "type": "h6",
        },
        Object {
          "instance": null,
          "key": "4",
          "nodeType": "host",
          "props": Object {
            "children": Array [
              "4",
              ":  ",
              <span>
                Terrain
</span>,
            ],
          },
          "ref": null,
          "rendered": Array [
            "4",
            ":  ",
            Object {
              "instance": null,
              "key": undefined,
              "nodeType": "host",
              "props": Object {
                "children": "Terrain",
              },
              "ref": null,
              "rendered": "Terrain",
              "type": "span",
            },
          ],
          "type": "h6",
        },
      ],
      "type": "div",
    },
    "type": [Function],
  },
  Symbol(enzyme.__nodes__): Array [
    Object {
      "instance": null,
      "key": undefined,
      "nodeType": "class",
      "props": Object {
        "children": <div
          className="card"
          onClick={[Function]}
>
          <h6>
                    0
                    :  
                    <span>
                              Climate
                    </span>
          </h6>
          <h6>
                    1
                    :  
                    <span>
                              Name
                    </span>
          </h6>
          <h6>
                    2
                    :  
                    <span>
                              Population
                    </span>
          </h6>
          <h6>
                    3
                    :  
                    <span>
                              Residents
                    </span>
          </h6>
          <h6>
                    4
                    :  
                    <span>
                              Terrain
                    </span>
          </h6>
</div>,
      },
      "ref": null,
      "rendered": Object {
        "instance": null,
        "key": undefined,
        "nodeType": "host",
        "props": Object {
          "children": Array [
            <h6>
              0
              :  
              <span>
                            Climate
              </span>
</h6>,
            <h6>
              1
              :  
              <span>
                            Name
              </span>
</h6>,
            <h6>
              2
              :  
              <span>
                            Population
              </span>
</h6>,
            <h6>
              3
              :  
              <span>
                            Residents
              </span>
</h6>,
            <h6>
              4
              :  
              <span>
                            Terrain
              </span>
</h6>,
          ],
          "className": "card",
          "onClick": [Function],
        },
        "ref": null,
        "rendered": Array [
          Object {
            "instance": null,
            "key": "0",
            "nodeType": "host",
            "props": Object {
              "children": Array [
                "0",
                ":  ",
                <span>
                  Climate
</span>,
              ],
            },
            "ref": null,
            "rendered": Array [
              "0",
              ":  ",
              Object {
                "instance": null,
                "key": undefined,
                "nodeType": "host",
                "props": Object {
                  "children": "Climate",
                },
                "ref": null,
                "rendered": "Climate",
                "type": "span",
              },
            ],
            "type": "h6",
          },
          Object {
            "instance": null,
            "key": "1",
            "nodeType": "host",
            "props": Object {
              "children": Array [
                "1",
                ":  ",
                <span>
                  Name
</span>,
              ],
            },
            "ref": null,
            "rendered": Array [
              "1",
              ":  ",
              Object {
                "instance": null,
                "key": undefined,
                "nodeType": "host",
                "props": Object {
                  "children": "Name",
                },
                "ref": null,
                "rendered": "Name",
                "type": "span",
              },
            ],
            "type": "h6",
          },
          Object {
            "instance": null,
            "key": "2",
            "nodeType": "host",
            "props": Object {
              "children": Array [
                "2",
                ":  ",
                <span>
                  Population
</span>,
              ],
            },
            "ref": null,
            "rendered": Array [
              "2",
              ":  ",
              Object {
                "instance": null,
                "key": undefined,
                "nodeType": "host",
                "props": Object {
                  "children": "Population",
                },
                "ref": null,
                "rendered": "Population",
                "type": "span",
              },
            ],
            "type": "h6",
          },
          Object {
            "instance": null,
            "key": "3",
            "nodeType": "host",
            "props": Object {
              "children": Array [
                "3",
                ":  ",
                <span>
                  Residents
</span>,
              ],
            },
            "ref": null,
            "rendered": Array [
              "3",
              ":  ",
              Object {
                "instance": null,
                "key": undefined,
                "nodeType": "host",
                "props": Object {
                  "children": "Residents",
                },
                "ref": null,
                "rendered": "Residents",
                "type": "span",
              },
            ],
            "type": "h6",
          },
          Object {
            "instance": null,
            "key": "4",
            "nodeType": "host",
            "props": Object {
              "children": Array [
                "4",
                ":  ",
                <span>
                  Terrain
</span>,
              ],
            },
            "ref": null,
            "rendered": Array [
              "4",
              ":  ",
              Object {
                "instance": null,
                "key": undefined,
                "nodeType": "host",
                "props": Object {
                  "children": "Terrain",
                },
                "ref": null,
                "rendered": "Terrain",
                "type": "span",
              },
            ],
            "type": "h6",
          },
        ],
        "type": "div",
      },
      "type": [Function],
    },
  ],
  Symbol(enzyme.__options__): Object {
    "adapter": ReactSixteenAdapter {
      "options": Object {
        "enableComponentDidUpdateOnSetState": true,
      },
    },
  },
}
`;
