// Jest Snapshot v1, https://goo.gl/fbAQLP

exports[`CardContainer matches the snapshot 1`] = `
ShallowWrapper {
  "length": 1,
  Symbol(enzyme.__root__): [Circular],
  Symbol(enzyme.__unrendered__): <CardContainer
    fetch={
        Array [
            "favorite",
            "info",
          ]
    }
    name="people"
    selectCard={[Function]}
/>,
  Symbol(enzyme.__renderer__): Object {
    "batchedUpdates": [Function],
    "getNode": [Function],
    "render": [Function],
    "simulateEvent": [Function],
    "unmount": [Function],
  },
  Symbol(enzyme.__node__): Object {
    "instance": null,
    "key": undefined,
    "nodeType": "class",
    "props": Object {
      "children": <div
        className="cardContainer"
>
        <Card
                data="favorite"
                selectCard={[Function]}
        />
        <Card
                data="info"
                selectCard={[Function]}
        />
</div>,
    },
    "ref": null,
    "rendered": Object {
      "instance": null,
      "key": undefined,
      "nodeType": "host",
      "props": Object {
        "children": Array [
          null,
          Array [
            <Card
              data="favorite"
              selectCard={[Function]}
/>,
            <Card
              data="info"
              selectCard={[Function]}
/>,
          ],
        ],
        "className": "cardContainer",
      },
      "ref": null,
      "rendered": Array [
        null,
        Object {
          "instance": null,
          "key": "0",
          "nodeType": "function",
          "props": Object {
            "data": "favorite",
            "selectCard": [Function],
          },
          "ref": null,
          "rendered": null,
          "type": [Function],
        },
        Object {
          "instance": null,
          "key": "1",
          "nodeType": "function",
          "props": Object {
            "data": "info",
            "selectCard": [Function],
          },
          "ref": null,
          "rendered": null,
          "type": [Function],
        },
      ],
      "type": "div",
    },
    "type": [Function],
  },
  Symbol(enzyme.__nodes__): Array [
    Object {
      "instance": null,
      "key": undefined,
      "nodeType": "class",
      "props": Object {
        "children": <div
          className="cardContainer"
>
          <Card
                    data="favorite"
                    selectCard={[Function]}
          />
          <Card
                    data="info"
                    selectCard={[Function]}
          />
</div>,
      },
      "ref": null,
      "rendered": Object {
        "instance": null,
        "key": undefined,
        "nodeType": "host",
        "props": Object {
          "children": Array [
            null,
            Array [
              <Card
                data="favorite"
                selectCard={[Function]}
/>,
              <Card
                data="info"
                selectCard={[Function]}
/>,
            ],
          ],
          "className": "cardContainer",
        },
        "ref": null,
        "rendered": Array [
          null,
          Object {
            "instance": null,
            "key": "0",
            "nodeType": "function",
            "props": Object {
              "data": "favorite",
              "selectCard": [Function],
            },
            "ref": null,
            "rendered": null,
            "type": [Function],
          },
          Object {
            "instance": null,
            "key": "1",
            "nodeType": "function",
            "props": Object {
              "data": "info",
              "selectCard": [Function],
            },
            "ref": null,
            "rendered": null,
            "type": [Function],
          },
        ],
        "type": "div",
      },
      "type": [Function],
    },
  ],
  Symbol(enzyme.__options__): Object {
    "adapter": ReactSixteenAdapter {
      "options": Object {
        "enableComponentDidUpdateOnSetState": true,
      },
    },
  },
}
`;
